// Jest Snapshot v1, https://goo.gl/fbAQLP

exports[`matches snapshot 1`] = `
<div
  className="sc-bdnxRM hEMIaW card"
  data-testid="card"
>
  <h2
    className="card__title"
  >
    Adoring Fan
  </h2>
  <div
    className="card__image"
  >
    <img
      src="https://images.elderscrollslegends.io/cs/adoring_fan.png"
    />
  </div>
  <div
    className="card__detail-wrapper"
  >
    <div
      className="card__accent-left"
    >
      Creature
    </div>
    <div
      className="card__accent-right"
    >
      Core Set
    </div>
    <div
      className="card__description"
    >
      Prophecy, Guard. Last Gasp: Adoring Fan will return. Adoring Fan is immune to Silence.
    </div>
  </div>
</div>
`;
